#-----------------------------------------------------------
# Vivado v2025.1 (64-bit)
# SW Build 6140274 on Thu May 22 00:12:29 MDT 2025
# IP Build 6138677 on Thu May 22 03:10:11 MDT 2025
# SharedData Build 6139179 on Tue May 20 17:58:58 MDT 2025
# Start of session at: Thu Jan  8 21:32:35 2026
# Process ID         : 26984
# Current directory  : F:/VHDL_Training/project_VHDL_Learn/project_VHDL_Learn.runs/impl_1
# Command line       : vivado.exe -log Blinking_LED.vdi -applog -product Vivado -messageDb vivado.pb -mode batch -source Blinking_LED.tcl -notrace
# Log file           : F:/VHDL_Training/project_VHDL_Learn/project_VHDL_Learn.runs/impl_1/Blinking_LED.vdi
# Journal file       : F:/VHDL_Training/project_VHDL_Learn/project_VHDL_Learn.runs/impl_1\vivado.jou
# Running On         : Ifrit
# Platform           : Windows Server 2016 or Windows 10
# Operating System   : 26100
# Processor Detail   : Intel(R) Core(TM) i7-9700K CPU @ 3.60GHz
# CPU Frequency      : 3600 MHz
# CPU Physical cores : 8
# CPU Logical cores  : 8
# Host memory        : 68634 MB
# Swap memory        : 4294 MB
# Total Virtual      : 72929 MB
# Available Virtual  : 42837 MB
#-----------------------------------------------------------
source Blinking_LED.tcl -notrace
